// Jest Snapshot v1, https://goo.gl/fbAQLP

exports[`enzyme smoke tests matches napshot 1`] = `ShallowWrapper {}`;
